#-----------------------------------------------------------
# Webtalk v2019.1 (64-bit)
# SW Build 2552052 on Fri May 24 14:49:42 MDT 2019
# IP Build 2548770 on Fri May 24 18:01:18 MDT 2019
# Start of session at: Thu Oct 14 11:41:12 2021
# Process ID: 1196
# Current directory: C:/Users/86198/Desktop/硬件课程设计I/MulticycleCPU/918106840727_MultiCycleCpu.sim/sim_1/behav/xsim
# Command line: wbtcv.exe -mode batch -source C:/Users/86198/Desktop/硬件课程设计I/MulticycleCPU/918106840727_MultiCycleCpu.sim/sim_1/behav/xsim/xsim.dir/MultiCycleCpu_tb_behav/webtalk/xsim_webtalk.tcl -notrace
# Log file: C:/Users/86198/Desktop/硬件课程设计I/MulticycleCPU/918106840727_MultiCycleCpu.sim/sim_1/behav/xsim/webtalk.log
# Journal file: C:/Users/86198/Desktop/硬件课程设计I/MulticycleCPU/918106840727_MultiCycleCpu.sim/sim_1/behav/xsim\webtalk.jou
#-----------------------------------------------------------
source C:/Users/86198/Desktop/硬件课程设计I/MulticycleCPU/918106840727_MultiCycleCpu.sim/sim_1/behav/xsim/xsim.dir/MultiCycleCpu_tb_behav/webtalk/xsim_webtalk.tcl -notrace
